stm32f103_EXTI_driver.c:39:6:Enable_NVIC	16	static
stm32f103_EXTI_driver.c:78:6:Disable_NVIC	16	static
stm32f103_EXTI_driver.c:121:6:Update_EXTI	24	static
stm32f103_EXTI_driver.c:195:6:MCAL_EXTI_GPIO_DeInit	4	static
stm32f103_EXTI_driver.c:229:6:MCAL_EXTI_GPIO_Init	16	static
stm32f103_EXTI_driver.c:243:6:MCAL_EXTI_GPIO_Update	16	static
stm32f103_EXTI_driver.c:258:6:EXTI0_IRQHandler	8	static
stm32f103_EXTI_driver.c:266:6:EXTI1_IRQHandler	8	static
stm32f103_EXTI_driver.c:272:6:EXTI2_IRQHandler	8	static
stm32f103_EXTI_driver.c:278:6:EXTI3_IRQHandler	8	static
stm32f103_EXTI_driver.c:284:6:EXTI4_IRQHandler	8	static
stm32f103_EXTI_driver.c:289:6:EXTI9_5_IRQHandler	8	static
stm32f103_EXTI_driver.c:298:6:EXTI15_10_IRQHandler	8	static
