stm32f103_UART_driver.c:51:6:MCAL_UART_Init	24	static
stm32f103_UART_driver.c:135:6:MCAL_UART_DeInit	16	static
stm32f103_UART_driver.c:186:6:MCAL_UART_SendData	24	static
stm32f103_UART_driver.c:220:6:MCAL_UART_WAIT_TC	16	static
stm32f103_UART_driver.c:228:6:MCAL_UART_ReceiveData	24	static
stm32f103_UART_driver.c:281:6:MCAL_UART_GPIO_Set_Pins	24	static
stm32f103_UART_driver.c:408:6:USART1_IRQHandler	8	static
stm32f103_UART_driver.c:415:6:USART2_IRQHandler	8	static
stm32f103_UART_driver.c:420:6:USART3_IRQHandler	8	static
