Scheduler.c:46:28:PendSV_Handler	0	static,ignoring_inline_asm
Scheduler.c:111:6:MYRTOS_IdleTask	4	static,ignoring_inline_asm
Scheduler.c:135:6:MYRTOS_Create_MainStack	4	static
Scheduler.c:145:16:MYRTOS_init	16	static
Scheduler.c:174:6:MyRTOS_Create_TaskStack	24	static
Scheduler.c:211:16:MYRTOS_CreateTask	24	static
Scheduler.c:252:6:bubbleSort	24	static
Scheduler.c:270:6:MyRTOS_Update_Schadule_tables	24	static
Scheduler.c:330:6:Decide_whatNext	8	static
Scheduler.c:353:6:OS_SVC	24	static
Scheduler.c:390:1:MYRTOS_OS_SVC_Set	16	static,ignoring_inline_asm
Scheduler.c:412:6:MYRTOS_ActivateTask	16	static
Scheduler.c:417:6:MYRTOS_TerminateTask	16	static
Scheduler.c:422:6:MYRTOS_TaskWait	16	static
Scheduler.c:435:6:MYRTOS_STARTOS	8	static,ignoring_inline_asm
Scheduler.c:458:6:MYRTOS_Update_TasksWaitingTime	16	static
Scheduler.c:482:16:MYRTOS_AcquireMutex	16	static
Scheduler.c:504:6:MYRTOS_ReleaseMutex	16	static
